=== Final Scenario Comparison (Best Records) ===
Target File: 44GB_file
Date: Sat Dec 27 01:58:52 PM KST 2025
------------------------------------------------

[Scenario 03: Multiple Chunk - Baseline]
	Command being timed: "./03_multiple_chunk 44GB_file 16 16 100"
	User time (seconds): 132.52
	System time (seconds): 361.73
	Percent of CPU this job got: 2374%
	Elapsed (wall clock) time (h:mm:ss or m:ss): 0:20.81
	Average shared text size (kbytes): 0
	Average unshared data size (kbytes): 0
	Average stack size (kbytes): 0
	Average total size (kbytes): 0
	Maximum resident set size (kbytes): 4284
	Average resident set size (kbytes): 0
	Major (requiring I/O) page faults: 0
	Minor (reclaiming a frame) page faults: 2666
	Voluntary context switches: 19856498
	Involuntary context switches: 1517
	Swaps: 0
	File system inputs: 0
	File system outputs: 0
	Socket messages sent: 0
	Socket messages received: 0
	Signals delivered: 0
	Page size (bytes): 4096
	Exit status: 0

[Scenario 05: Sharded Chunk - Lock Stripping]
	Command being timed: "./05_sharded 44GB_file 8 16 100 8"
	User time (seconds): 44.62
	System time (seconds): 17.76
	Percent of CPU this job got: 2277%
	Elapsed (wall clock) time (h:mm:ss or m:ss): 0:02.74
	Average shared text size (kbytes): 0
	Average unshared data size (kbytes): 0
	Average stack size (kbytes): 0
	Average total size (kbytes): 0
	Maximum resident set size (kbytes): 4676
	Average resident set size (kbytes): 0
	Major (requiring I/O) page faults: 0
	Minor (reclaiming a frame) page faults: 26299
	Voluntary context switches: 442097
	Involuntary context switches: 111
	Swaps: 0
	File system inputs: 0
	File system outputs: 0
	Socket messages sent: 0
	Socket messages received: 0
	Signals delivered: 0
	Page size (bytes): 4096
	Exit status: 0

[Scenario 07: Mmap + Sharding - Zero Copy]
	Command being timed: "./07_mmap_sharded_refactored 44GB_file 8 64 1000 8"
	User time (seconds): 153.62
	System time (seconds): 20.63
	Percent of CPU this job got: 4094%
	Elapsed (wall clock) time (h:mm:ss or m:ss): 0:04.25
	Average shared text size (kbytes): 0
	Average unshared data size (kbytes): 0
	Average stack size (kbytes): 0
	Average total size (kbytes): 0
	Maximum resident set size (kbytes): 45497556
	Average resident set size (kbytes): 0
	Major (requiring I/O) page faults: 65174
	Minor (reclaiming a frame) page faults: 1439592
	Voluntary context switches: 2473327
	Involuntary context switches: 1173948
	Swaps: 0
	File system inputs: 0
	File system outputs: 0
	Socket messages sent: 0
	Socket messages received: 0
	Signals delivered: 0
	Page size (bytes): 4096
	Exit status: 0
